// Jest Snapshot v1, https://goo.gl/fbAQLP

exports[`Projects renders 1`] = `
<div>
  <div
    class=""
  >
    Projects
  </div>
</div>
`;
