// Jest Snapshot v1, https://goo.gl/fbAQLP

exports[`Button renders with props 1`] = `
<div>
  <button
    class="button"
  >
    test element
  </button>
</div>
`;
