// Jest Snapshot v1, https://goo.gl/fbAQLP

exports[`Footer renders 1`] = `
<div>
  <div>
    This is a footer
  </div>
</div>
`;
