// Jest Snapshot v1, https://goo.gl/fbAQLP

exports[`Header renders 1`] = `
<div>
  <div>
    <span>
      Aaron Brooks
    </span>
    <button>
      Resume
    </button>
    <button>
      Demos
    </button>
    <button>
      Contact Me
    </button>
  </div>
</div>
`;
