// Jest Snapshot v1, https://goo.gl/fbAQLP

exports[`renders learn react link 1`] = `
<div>
  <div
    class="App"
  >
    <header
      class="App-header"
    >
      <p>
        Aaron Brooks
      </p>
      <p>
        Software Engineer
      </p>
      <a
        class="App-link"
        href="https://reactjs.org"
        rel="noopener noreferrer"
        target="_blank"
      >
        Learn React
      </a>
    </header>
  </div>
</div>
`;
