// Jest Snapshot v1, https://goo.gl/fbAQLP

exports[`Link renders with props 1`] = `
<div>
  <a
    class="link"
    rel="noopener noreferrer"
  >
    test element
  </a>
</div>
`;
